// Jest Snapshot v1, https://goo.gl/fbAQLP

exports[`components/Button Should match with snapshot 1`] = `
<div>
  <button
    class="grada-button"
  >
    Click me!
  </button>
</div>
`;
